ILI9341.c:14:6:ILI9341_SendCommand	0	static
ILI9341.c:20:6:ILI9341_SendData	0	static
ILI9341.c:103:9:ILI9341_ReadData	0	static
ILI9341.c:187:6:ILI9341_SetCursorPosition	16	static
ILI9341.c:203:6:ILI9341_Init	16	static
ILI9341.c:274:6:ILI9341_DrawPixel	8	static
ILI9341.c:280:6:ILI9341_Fill	8	static
ILI9341.c:299:6:ILI9341_Fill_Rect	16	static
ILI9341.c:311:6:ILI9341_drawCircle	72	static
ILI9341.c:414:6:ILI9341_drawLine	48	static
ILI9341.c:454:6:ILI9341_drawFastHLine	16	static
ILI9341.c:459:6:ILI9341_drawFastVLine	16	static
ILI9341.c:407:6:ILI9341_fillCircle	72	static
ILI9341.c:464:6:ILI9341_drawTriangle	40	static
ILI9341.c:470:6:ILI9341_fillTriangle	72	static
ILI9341.c:540:6:ILI9341_drawChar	80	static
ILI9341.c:574:6:ILI9341_printText	48	static
ILI9341.c:585:6:ILI9341_printImage	8	static
ILI9341.c:596:6:ILI9341_setRotation	4	static
